------------------------------------------------------------
Timing Analyzer Summary
------------------------------------------------------------

Type  : Slow 1100mV 85C Model Setup 'VGA_Controller|vgaclock|clk|video_pll_0|video_pll|altera_pll_i|general[1].gpll~PLL_OUTPUT_COUNTER|divclk'
Slack : -18.589
TNS   : -9031.741

Type  : Slow 1100mV 85C Model Setup 'clk'
Slack : -17.170
TNS   : -60413.635

Type  : Slow 1100mV 85C Model Hold 'clk'
Slack : 0.363
TNS   : 0.000

Type  : Slow 1100mV 85C Model Hold 'VGA_Controller|vgaclock|clk|video_pll_0|video_pll|altera_pll_i|general[1].gpll~PLL_OUTPUT_COUNTER|divclk'
Slack : 0.476
TNS   : 0.000

Type  : Slow 1100mV 85C Model Minimum Pulse Width 'clk'
Slack : -0.538
TNS   : -4102.666

Type  : Slow 1100mV 85C Model Minimum Pulse Width 'VGA_Controller|vgaclock|clk|video_pll_0|video_pll|altera_pll_i|general[0].gpll~FRACTIONAL_PLL|vcoph[0]'
Slack : 1.500
TNS   : 0.000

Type  : Slow 1100mV 85C Model Minimum Pulse Width 'VGA_Controller|vgaclock|clk|video_pll_0|video_pll|altera_pll_i|general[1].gpll~PLL_OUTPUT_COUNTER|divclk'
Slack : 5.289
TNS   : 0.000

Type  : Slow 1100mV 85C Model Minimum Pulse Width 'clk_dedicated'
Slack : 9.670
TNS   : 0.000

Type  : Slow 1100mV 0C Model Setup 'VGA_Controller|vgaclock|clk|video_pll_0|video_pll|altera_pll_i|general[1].gpll~PLL_OUTPUT_COUNTER|divclk'
Slack : -18.013
TNS   : -8727.308

Type  : Slow 1100mV 0C Model Setup 'clk'
Slack : -16.604
TNS   : -58593.099

Type  : Slow 1100mV 0C Model Hold 'clk'
Slack : 0.344
TNS   : 0.000

Type  : Slow 1100mV 0C Model Hold 'VGA_Controller|vgaclock|clk|video_pll_0|video_pll|altera_pll_i|general[1].gpll~PLL_OUTPUT_COUNTER|divclk'
Slack : 0.470
TNS   : 0.000

Type  : Slow 1100mV 0C Model Minimum Pulse Width 'clk'
Slack : -0.508
TNS   : -3971.510

Type  : Slow 1100mV 0C Model Minimum Pulse Width 'VGA_Controller|vgaclock|clk|video_pll_0|video_pll|altera_pll_i|general[0].gpll~FRACTIONAL_PLL|vcoph[0]'
Slack : 1.500
TNS   : 0.000

Type  : Slow 1100mV 0C Model Minimum Pulse Width 'VGA_Controller|vgaclock|clk|video_pll_0|video_pll|altera_pll_i|general[1].gpll~PLL_OUTPUT_COUNTER|divclk'
Slack : 5.243
TNS   : 0.000

Type  : Slow 1100mV 0C Model Minimum Pulse Width 'clk_dedicated'
Slack : 9.673
TNS   : 0.000

Type  : Fast 1100mV 85C Model Setup 'VGA_Controller|vgaclock|clk|video_pll_0|video_pll|altera_pll_i|general[1].gpll~PLL_OUTPUT_COUNTER|divclk'
Slack : -10.991
TNS   : -4913.919

Type  : Fast 1100mV 85C Model Setup 'clk'
Slack : -10.601
TNS   : -36258.372

Type  : Fast 1100mV 85C Model Hold 'clk'
Slack : 0.178
TNS   : 0.000

Type  : Fast 1100mV 85C Model Hold 'VGA_Controller|vgaclock|clk|video_pll_0|video_pll|altera_pll_i|general[1].gpll~PLL_OUTPUT_COUNTER|divclk'
Slack : 0.268
TNS   : 0.000

Type  : Fast 1100mV 85C Model Minimum Pulse Width 'clk'
Slack : -0.641
TNS   : -4087.163

Type  : Fast 1100mV 85C Model Minimum Pulse Width 'VGA_Controller|vgaclock|clk|video_pll_0|video_pll|altera_pll_i|general[0].gpll~FRACTIONAL_PLL|vcoph[0]'
Slack : 1.500
TNS   : 0.000

Type  : Fast 1100mV 85C Model Minimum Pulse Width 'VGA_Controller|vgaclock|clk|video_pll_0|video_pll|altera_pll_i|general[1].gpll~PLL_OUTPUT_COUNTER|divclk'
Slack : 5.546
TNS   : 0.000

Type  : Fast 1100mV 85C Model Minimum Pulse Width 'clk_dedicated'
Slack : 9.336
TNS   : 0.000

Type  : Fast 1100mV 0C Model Setup 'VGA_Controller|vgaclock|clk|video_pll_0|video_pll|altera_pll_i|general[1].gpll~PLL_OUTPUT_COUNTER|divclk'
Slack : -9.923
TNS   : -4527.895

Type  : Fast 1100mV 0C Model Setup 'clk'
Slack : -9.305
TNS   : -31878.286

Type  : Fast 1100mV 0C Model Hold 'clk'
Slack : 0.169
TNS   : 0.000

Type  : Fast 1100mV 0C Model Hold 'VGA_Controller|vgaclock|clk|video_pll_0|video_pll|altera_pll_i|general[1].gpll~PLL_OUTPUT_COUNTER|divclk'
Slack : 0.249
TNS   : 0.000

Type  : Fast 1100mV 0C Model Minimum Pulse Width 'clk'
Slack : -0.663
TNS   : -4351.924

Type  : Fast 1100mV 0C Model Minimum Pulse Width 'VGA_Controller|vgaclock|clk|video_pll_0|video_pll|altera_pll_i|general[0].gpll~FRACTIONAL_PLL|vcoph[0]'
Slack : 1.500
TNS   : 0.000

Type  : Fast 1100mV 0C Model Minimum Pulse Width 'VGA_Controller|vgaclock|clk|video_pll_0|video_pll|altera_pll_i|general[1].gpll~PLL_OUTPUT_COUNTER|divclk'
Slack : 5.539
TNS   : 0.000

Type  : Fast 1100mV 0C Model Minimum Pulse Width 'clk_dedicated'
Slack : 9.286
TNS   : 0.000

------------------------------------------------------------
